MatchExpr{Expr:VarRef{Name:g} Patterns:[GraphPattern{Parts:[NodePattern{Variable:VarRef{Name:a}} EdgePattern{Direction:->} NodePattern{Variable:VarRef{Name:b}} EdgePattern{Direction:<-} NodePattern{Variable:VarRef{Name:c}} EdgePattern{Direction:-} NodePattern{Variable:VarRef{Name:d}} EdgePattern{Direction:<->} NodePattern{Variable:VarRef{Name:e}} EdgePattern{Direction:~} NodePattern{Variable:VarRef{Name:f}} EdgePattern{Direction:~>} NodePattern{Variable:VarRef{Name:h}} EdgePattern{Direction:<~} NodePattern{Variable:VarRef{Name:i}}]}]}
