MatchExpr{Expr:VarRef{Name:g} Patterns:[GraphPattern{Parts:[NodePattern{Variable:VarRef{Name:a}} GraphPattern{Parts:[NodePattern{Variable:VarRef{Name:x}} EdgePattern{Direction:-> Variable:VarRef{Name:e}} NodePattern{Variable:VarRef{Name:y}}] Quantifier:PatternQuantifier{Min:1 Max:-1}} NodePattern{Variable:VarRef{Name:b}}]} GraphPattern{Parts:[NodePattern{Variable:VarRef{Name:c}} EdgePattern{Direction:<- Variable:VarRef{Name:f}} NodePattern{Variable:VarRef{Name:d}}]}]}
